stretch tree of depth 7	 check: -1
128	 trees of depth 4	 check: -128
32	 trees of depth 6	 check: -32
long lived tree of depth 6	 check: -1
