Primes up to    20000     2262
Primes up to    10000     1229
Primes up to     5000      669
