-------- basic vm tests --------
-- boolean tests
true
false
false
true
true
false
false
true
true
false
false
true
false
true
1
0
nil
1
0
nil
booleantests result:	true
------------- varargs
---- function p()
--p():
a	nil
...
...,a	nil	nil
a,...	nil
 ->	true
--p("q"):
a	q
...
...,a	nil	q
a,...	q
 ->	true
--p("q","r"):
a	q
...	r
...,a	r	q
a,...	q	r
 ->	true
--p("q","r","s"):
a	q
...	r	s
...,a	r	q
a,...	q	r	s
 ->	true
---- function q()
--q():
a,arg[1],arg[2],arg[3]	nil	nil	global-1	global-2	global-3
 ->	true
--q("q"):
a,arg[1],arg[2],arg[3]	q	nil	global-1	global-2	global-3
 ->	true
--q("q","r"):
a,arg[1],arg[2],arg[3]	q	nil	global-1	global-2	global-3
 ->	true
--q("q","r","s"):
a,arg[1],arg[2],arg[3]	q	nil	global-1	global-2	global-3
 ->	true
---- function r()
--r():
a,arg[1],arg[2],arg[3]	nil	nil	global-1	global-2	global-3
a	nil
...
...,a	nil	nil
a,...	nil
 ->	true
--r("q"):
a,arg[1],arg[2],arg[3]	q	nil	global-1	global-2	global-3
a	q
...
...,a	nil	q
a,...	q
 ->	true
--r("q","r"):
a,arg[1],arg[2],arg[3]	q	nil	global-1	global-2	global-3
a	q
...	r
...,a	r	q
a,...	q	r
 ->	true
--r("q","r","s"):
a,arg[1],arg[2],arg[3]	q	nil	global-1	global-2	global-3
a	q
...	r	s
...,a	r	q
a,...	q	r	s
 ->	true
---- function s()
--s():
a,arg[1],arg[2],arg[3]	nil	1	2	3
a	nil
 ->	true
--s("q"):
a,arg[1],arg[2],arg[3]	q	1	2	3
a	q
 ->	true
--s("q","r"):
a,arg[1],arg[2],arg[3]	q	1	2	3
a	q
 ->	true
--s("q","r","s"):
a,arg[1],arg[2],arg[3]	q	1	2	3
a	q
 ->	true
---- function t()
--t():
a,arg[1],arg[2],arg[3]	nil	1	2	3
a	nil
...
...,a	nil	nil
a,...	nil
 ->	true
--t("q"):
a,arg[1],arg[2],arg[3]	q	1	2	3
a	q
...
...,a	nil	q
a,...	q
 ->	true
--t("q","r"):
a,arg[1],arg[2],arg[3]	q	1	2	3
a	q
...	r
...,a	r	q
a,...	q	r
 ->	true
--t("q","r","s"):
a,arg[1],arg[2],arg[3]	q	1	2	3
a	q
...	r	s
...,a	r	q
a,...	q	r	s
 ->	true
---- function u()
--u():
arg	nil
 ->	true
--u("q"):
arg	q
 ->	true
--u("q","r"):
arg	q
 ->	true
--u("q","r","s"):
arg	q
 ->	true
---- function v()
--v():
arg	nil
...
arg,...	nil
 ->	true
--v("q"):
arg	q
...
arg,...	q
 ->	true
--v("q","r"):
arg	q
...	r
arg,...	q	r
 ->	true
--v("q","r","s"):
arg	q
...	r	s
arg,...	q	r	s
 ->	true
varargstest result:	true
---------- metatable tests
ell
set{}  	tbl.1	tbl.2	tbl.1	nil
set-nil	tbl.1	nil	tbl.1	nil
set{}  	tbl.1	tbl.3	tbl.1	nil
set	tbl.1	tbl.3	false	string
set{}  	tbl.1	tbl.4	tbl.1	nil
set{}  	tbl.1	tbl.5	tbl.1	nil
set{}{}	tbl.1	tbl.6	tbl.1	nil
set-nil	tbl.1	nil	tbl.1	nil
set{__}	tbl.1	tbl.7	tbl.1	nil
set{}  	tbl.1	tbl.7	false	string
set-nil	tbl.1	tbl.7	false	string
set{}  	tbl.8	tbl.9	tbl.8	nil
set-nil	tbl.8	nil	tbl.8	nil
set{__}	tbl.8	abc	tbl.8	nil
set{}  	tbl.8	abc	false	string
set-nil	tbl.8	abc	false	string
t.a	1234
t.b	1235
t.a	1234
t.b	1235
t.c	1236
t.a	1234
t.b	1235
t.c	1236
t.d	1237
metatabletests result:	true
------------ huge tables
#t=	100	t[1,50,51,59]	1	1	1	1
1,1,1,1,1,1,1,1,1,1,1,1,1,1,1,1,1,1,1,1,1,1,1,1,1,1,1,1,1,1,1,1,1,1,1,1,1,1,1,1,1,1,1,1,1,1,1,1,1,1,1,1,1,1,1,1,1,1,1,1,1,1,1,1,1,1,1,1,1,1,1,1,1,1,1,1,1,1,1,1,1,1,1,1,1,1,1,1,1,1,1,1,1,1,1,1,1,1,1,1
#t2=	70	t[1,50,51,59]	1	1	1	1
0,3,4,7,9,8,12,15,23,5,10,13,14,17,19,18,112,115,123,15,20,33,24,27,29,28,212,215,223,25,40,43,44,47,49,48,412,415,423,45,50,53,54,57,59,58,512,515,523,55,60,63,64,67,69,68,612,615,623,65,70,73,74,77,79,78,72,715,723,75
t[2000]	a
t[2001]	b
t[2002]	c
t[2003]	d
t[2004]	e
t[2005]	f
t[2006]	g
t[2007]	h
t[2008]	i
t[2009]	j
t[3000]	a
t[3001]	b
t[3002]	c
t[3003]	d
t[3004]	e
t[3005]	f
t[3006]	g
t[3007]	h
t[3008]	i
t[3009]	j
t[4000]	a
t[4001]	b
t[4002]	c
t[4003]	d
t[4004]	e
t[4005]	f
t[4006]	g
t[4007]	h
t[4008]	i
t[4009]	j
t[5000]	a
t[5001]	b
t[5002]	c
t[5003]	d
t[5004]	e
t[5005]	f
t[5006]	g
t[5007]	h
t[5008]	i
t[5009]	j
t[6000]	a
t[6001]	b
t[6002]	c
t[6003]	d
t[6004]	e
t[6005]	f
t[6006]	g
t[6007]	h
t[6008]	i
t[6009]	j
t[7000]	a
t[7001]	b
t[7002]	c
t[7003]	d
t[7004]	e
t[7005]	f
t[7006]	g
t[7007]	h
t[7008]	i
t[7009]	j
t[8000]	a
t[8001]	b
t[8002]	c
t[8003]	d
t[8004]	e
t[8005]	f
t[8006]	g
t[8007]	h
t[8008]	i
t[8009]	j
hugetables result:	true
--------- many locals
a	a
b	b
c	c
d	d
e	e
f	f
g	g
h	h
i	i
j	j
a	a
b	b
c	c
d	d
e	e
f	f
g	g
h	h
i	i
j	j
a	a
b	b
c	c
d	d
e	e
f	f
g	g
h	h
i	i
j	j
a	a
b	b
c	c
d	d
e	e
f	f
g	g
h	h
i	i
j	j
a	a
b	b
c	c
d	d
e	e
f	f
g	g
h	h
i	i
j	j
a	a
b	b
c	c
d	d
e	e
f	f
g	g
h	h
i	i
j	j
a	a
b	b
c	c
d	d
e	e
f	f
g	g
h	h
i	i
j	j
a	a
b	b
c	c
d	d
e	e
f	f
g	g
h	h
i	i
j	j
a	a
b	b
c	c
d	d
e	e
f	f
g	g
h	h
i	i
j	j
a	a
b	b
c	c
d	d
e	e
f	f
g	g
h	h
i	i
j	j
a	a
b	b
c	c
d	d
e	e
f	f
g	g
h	h
i	i
j	j
a	a
b	b
c	c
d	d
e	e
f	f
g	g
h	h
i	i
j	j
a	a
b	b
c	c
d	d
e	e
f	f
g	g
h	h
i	i
j	j
a	a
b	b
c	c
d	d
e	e
f	f
g	g
h	h
i	i
j	j
manylocals result:	true
