====== require ======
--- checkallpass
-		require('math')	table
-		require('coroutine')	table
-		require('package')	table
-		require('string')	table
-		require('table')	table
--- checkallerrors
-		require(1.25)	...not found...
--- checkallerrors
-		require(nil)	...bad argument...
-		require(true)	...bad argument...
-		require(<function>)	...bad argument...
-		require(<table>)	...bad argument...
====== package.loadlib ======
--- checkallpass
-		package.loadlib('foo','bar')	nil,string,string
--- checkallerrors
-		package.loadlib(nil)	...bad argument...
-		package.loadlib(true)	...bad argument...
-		package.loadlib(<table>)	...bad argument...
-		package.loadlib(<function>)	...bad argument...
-		package.loadlib(<thread>)	...bad argument...
====== package.seeall ======
--- checkallpass
-		package.seeall(<table>)	
--- checkallerrors
-		package.seeall(nil)	...bad argument...
-		package.seeall('abc')	...bad argument...
-		package.seeall(1.25)	...bad argument...
-		package.seeall(true)	...bad argument...
-		package.seeall(<function>)	...bad argument...
-		package.seeall(<thread>)	...bad argument...
